M01755:660:000000000-JVV9W:1:1101:18014:2020	EU880335.1	100.000	98	0	0	1	98	596	499	5.76e-42	182
M01755:660:000000000-JVV9W:1:1101:11150:14393	MT677921.1	100.000	114	0	0	1	114	1185	1072	9.16e-51	211
M01755:660:000000000-JVV9W:1:1101:18000:5167	MW524631.1	100.000	113	0	0	1	113	115	3	3.25e-50	209
M01755:660:000000000-JVV9W:1:1101:8501:14233	KP289200.1	96.842	95	2	1	4	97	591	497	9.56e-35	158
M01755:660:000000000-JVV9W:1:1102:24611:9770	MW524740.1	100.000	114	0	0	1	114	118	5	9.16e-51	211
