54263	M01755:660:000000000-JVV9W:1:1101:18014:2020	gi|213136347|gb|EU880335.1|	100.000	5.80e-42	Ichthyosaura alpestris	Alpine newt	salamanders	Eukaryota	Mesotriton alpestris mitochondrion, partial genome	Mesotriton alpestris mitochondrion, partial genome	minus
9606	M01755:660:000000000-JVV9W:1:1101:11150:14393	gi|2126939168|gb|MT954932.1|	100.000	9.21e-51	Homo sapiens	human	primates	Eukaryota	Homo sapiens isolate MS047 mitochondrion, complete genome	Homo sapiens isolate MS047 mitochondrion, complete genome	minus
9615	M01755:660:000000000-JVV9W:1:1101:18000:5167	gi|1961335339|gb|MW524631.1|	100.000	3.27e-50	Canis lupus familiaris	dog	carnivores	Eukaryota	Canis lupus familiaris isolate VM161019-011 small subunit ribosomal RNA gene, partial sequence; mitochondrial	Canis lupus familiaris isolate VM161019-011 small subunit ribosomal RNA gene, partial sequence; mitochondrial	minus
511044	M01755:660:000000000-JVV9W:1:1101:8501:14233	gi|851782708|gb|KP289200.1|	96.842	9.62e-35	Ambystoma bishopi	reticulated salamander	salamanders	Eukaryota	Ambystoma bishopi mitochondrion, complete genome	Ambystoma bishopi mitochondrion, complete genome	minus
9606	M01755:660:000000000-JVV9W:1:1102:24611:9770	gi|1961335566|gb|MW524740.1|	100.000	9.21e-51	Homo sapiens	human	primates	Eukaryota	Homo sapiens isolate VM22719-017 small subunit ribosomal RNA gene, partial sequence; mitochondrial	Homo sapiens isolate VM22719-017 small subunit ribosomal RNA gene, partial sequence; mitochondrial	minus
